≡ƒöî Attempting DB connection with: { host: 'localhost', database: 'anihub', user: 'postgres', port: 5432 }
node : 
node:events:486
At line:1 char:1
+ node server.js 
2>&1 | Out-File 
-FilePath 
error_log.txt; 
Get-Content e ...
+ ~~~~~~~~~~~~~~~~~~~
    + CategoryInfo   
           : NotSpe  
  cified: (node:ev   
 ents:486:String)    
 [], RemoteExcep    
tion
    + FullyQualified 
   ErrorId : Native  
  CommandError
 
      throw er; // 
Unhandled 'error' 
event
      ^

Error: listen 
EADDRINUSE: address 
already in use 
:::5000
    at Server.setupLi
stenHandle [as 
_listen2] 
(node:net:1940:16)
    at 
listenInCluster 
(node:net:1997:12)
    at Server.listen 
(node:net:2102:7)
    at app.listen 
(C:\Users\Sreehari S 
Madhavan\Documents\An
iplace\server\node_mo
dules\express\lib\app
lication.js:635:24)
    at 
Object.<anonymous> 
(C:\Users\Sreehari S 
Madhavan\Documents\An
iplace\server\server.
js:114:7)
    at 
Module._compile (node
:internal/modules/cjs
/loader:1761:14)
    at Object..js (no
de:internal/modules/c
js/loader:1893:10)
    at Module.load (n
ode:internal/modules/
cjs/loader:1481:32)
    at Module._load (
node:internal/modules
/cjs/loader:1300:12)
    at TracingChannel
.traceSync (node:diag
nostics_channel:328:1
4)
Emitted 'error' 
event on Server 
instance at:
    at emitErrorNT 
(node:net:1976:8)
    at process.proces
sTicksAndRejections (
node:internal/process
/task_queues:89:21) {
  code: 'EADDRINUSE',
  errno: -4091,
  syscall: 'listen',
  address: '::',
  port: 5000
}

Node.js v24.11.1
